// Jest Snapshot v1, https://goo.gl/fbAQLP

exports[`First snapshot 1`] = `
<div>
  <h1>
    Welcome 
  </h1>
</div>
`;
